15:24:07.098 [main] TRACE org.testng.internal.Graph - [Graph] ====== SORTED NODES
15:24:07.109 [main] TRACE org.testng.internal.Graph - [Graph] ====== END SORTED NODES
15:24:07.120 [main] TRACE org.testng.internal.Graph - [Graph] ADDING NODE BrowserContext.setBrowser(java.lang.String)[pri:0, instance:base.BrowserContext@2f16c6b3] -1227367278
15:24:07.121 [main] TRACE org.testng.internal.Graph - [Graph] ADDING NODE AbstractTestNGCucumberTests.runScenario(io.cucumber.testng.PickleWrapper,io.cucumber.testng.FeatureWrapper)[pri:0, instance:runners.TestRunner@2a62b5bc] -439247219
15:24:07.121 [main] TRACE org.testng.internal.Graph - [Graph] ================ SORTING
15:24:07.125 [main] TRACE org.testng.internal.Graph - [Graph] =============== DONE SORTING
15:24:07.127 [main] TRACE org.testng.internal.Graph - [Graph] ====== SORTED NODES
15:24:07.127 [main] TRACE org.testng.internal.Graph - [Graph] ====== END SORTED NODES
15:24:07.134 [main] INFO  org.testng.internal.Utils - [TestNG] Running:
  C:\Users\sabah\IdeaProjects\BDDFramework2026\testWithYaml.xml

15:24:09.528 [TestNG-PoolService-1] INFO  stepDefinitions.CucumberHooks - Starting Scenario: Read the URL from YAML file
15:24:09.658 [TestNG-PoolService-1] INFO  stepDefinitions.CucumberHooks - Finished Scenario: Read the URL from YAML file - FAILED
15:36:42.236 [main] DEBUG org.testng.TestNG - suiteXmlPath: "C:\Users\sabah\IdeaProjects\BDDFramework2026\testWithYaml.xml"
15:36:42.266 [main] WARN  org.testng.xml.TestNGContentHandler - It is strongly recommended to add "<!DOCTYPE suite SYSTEM "https://testng.org/testng-1.1.dtd" >" at the top of the suite file [C:\Users\sabah\IdeaProjects\BDDFramework2026\testWithYaml.xml] otherwise TestNG may fail or not work as expected.
15:36:42.570 [main] TRACE org.testng.internal.Graph - [Graph] ADDING NODE AbstractTestNGCucumberTests.setUpClass(org.testng.ITestContext)[pri:0, instance:null] -393284817
15:36:42.572 [main] TRACE org.testng.internal.Graph - [Graph] ================ SORTING
15:36:42.577 [main] TRACE org.testng.internal.Graph - [Graph] =============== DONE SORTING
15:36:42.577 [main] TRACE org.testng.internal.Graph - [Graph] ====== SORTED NODES
15:36:42.577 [main] TRACE org.testng.internal.Graph - [Graph] ====== END SORTED NODES
15:36:42.579 [main] TRACE org.testng.internal.Graph - [Graph] ADDING NODE AbstractTestNGCucumberTests.tearDownClass()[pri:0, instance:null] 1523153566
15:36:42.579 [main] TRACE org.testng.internal.Graph - [Graph] ================ SORTING
15:36:42.579 [main] TRACE org.testng.internal.Graph - [Graph] =============== DONE SORTING
15:36:42.579 [main] TRACE org.testng.internal.Graph - [Graph] ====== SORTED NODES
15:36:42.579 [main] TRACE org.testng.internal.Graph - [Graph] ====== END SORTED NODES
15:36:42.592 [main] TRACE org.testng.internal.Graph - [Graph] ADDING NODE BrowserContext.setBrowser(java.lang.String)[pri:0, instance:base.BrowserContext@52c3cb31] -628825840
15:36:42.614 [main] TRACE org.testng.internal.Graph - [Graph] ADDING NODE AbstractTestNGCucumberTests.runScenario(io.cucumber.testng.PickleWrapper,io.cucumber.testng.FeatureWrapper)[pri:0, instance:runners.TestRunner@53fd0d10] 258733537
15:36:42.614 [main] TRACE org.testng.internal.Graph - [Graph] ================ SORTING
15:36:42.621 [main] TRACE org.testng.internal.Graph - [Graph] =============== DONE SORTING
15:36:42.621 [main] TRACE org.testng.internal.Graph - [Graph] ====== SORTED NODES
15:36:42.621 [main] TRACE org.testng.internal.Graph - [Graph] ====== END SORTED NODES
15:36:42.628 [main] INFO  org.testng.internal.Utils - [TestNG] Running:
  C:\Users\sabah\IdeaProjects\BDDFramework2026\testWithYaml.xml

15:36:45.216 [TestNG-PoolService-1] INFO  stepDefinitions.CucumberHooks - Starting Scenario: Read the URL from YAML file
15:36:56.079 [TestNG-PoolService-1] INFO  stepDefinitions.GetUrlYaml - Navigate to https://www.saucedemo.com/ environment: qa
15:36:56.085 [TestNG-PoolService-1] INFO  stepDefinitions.CucumberHooks - Finished Scenario: Read the URL from YAML file - PASSED
15:40:02.537 [main] TRACE org.testng.internal.Graph - [Graph] ADDING NODE AbstractTestNGCucumberTests.setUpClass(org.testng.ITestContext)[pri:0, instance:null] -393284817
15:40:02.542 [main] TRACE org.testng.internal.Graph - [Graph] ================ SORTING
15:40:02.547 [main] TRACE org.testng.internal.Graph - [Graph] =============== DONE SORTING
15:40:02.547 [main] TRACE org.testng.internal.Graph - [Graph] ====== SORTED NODES
15:40:02.547 [main] TRACE org.testng.internal.Graph - [Graph] ====== END SORTED NODES
15:40:02.550 [main] TRACE org.testng.internal.Graph - [Graph] ADDING NODE AbstractTestNGCucumberTests.tearDownClass()[pri:0, instance:null] 1523153566
15:40:02.550 [main] TRACE org.testng.internal.Graph - [Graph] ================ SORTING
15:40:02.550 [main] TRACE org.testng.internal.Graph - [Graph] =============== DONE SORTING
15:40:02.550 [main] TRACE org.testng.internal.Graph - [Graph] ====== SORTED NODES
15:40:02.550 [main] TRACE org.testng.internal.Graph - [Graph] ====== END SORTED NODES
15:40:02.565 [main] TRACE org.testng.internal.Graph - [Graph] ADDING NODE AbstractTestNGCucumberTests.runScenario(io.cucumber.testng.PickleWrapper,io.cucumber.testng.FeatureWrapper)[pri:0, instance:runners.TestRunner@e57b96d] -909729218
15:40:02.565 [main] TRACE org.testng.internal.Graph - [Graph] ================ SORTING
15:40:02.565 [main] TRACE org.testng.internal.Graph - [Graph] =============== DONE SORTING
15:40:02.565 [main] TRACE org.testng.internal.Graph - [Graph] ====== SORTED NODES
15:40:02.565 [main] TRACE org.testng.internal.Graph - [Graph] ====== END SORTED NODES
15:40:03.266 [TestNG-PoolService-1] INFO  stepDefinitions.CucumberHooks - Starting Scenario: Read the URL from YAML file
15:40:03.279 [TestNG-PoolService-1] INFO  stepDefinitions.CucumberHooks - Finished Scenario: Read the URL from YAML file - FAILED
15:40:04.803 [main] TRACE org.testng.internal.Graph - [Graph] ADDING NODE AbstractTestNGCucumberTests.runScenario(io.cucumber.testng.PickleWrapper,io.cucumber.testng.FeatureWrapper)[pri:0, instance:runners.TestRunner@e57b96d] -909729218
15:40:04.803 [main] TRACE org.testng.internal.Graph - [Graph] ================ SORTING
15:40:04.803 [main] TRACE org.testng.internal.Graph - [Graph] =============== DONE SORTING
15:40:04.803 [main] TRACE org.testng.internal.Graph - [Graph] ====== SORTED NODES
15:40:04.803 [main] TRACE org.testng.internal.Graph - [Graph] ====== END SORTED NODES
15:46:09.744 [main] DEBUG org.testng.TestNG - suiteXmlPath: "C:\Users\sabah\IdeaProjects\BDDFramework2026\testTwoBrowser.xml"
15:46:09.773 [main] WARN  org.testng.xml.TestNGContentHandler - It is strongly recommended to add "<!DOCTYPE suite SYSTEM "https://testng.org/testng-1.1.dtd" >" at the top of the suite file [C:\Users\sabah\IdeaProjects\BDDFramework2026\testTwoBrowser.xml] otherwise TestNG may fail or not work as expected.
15:46:10.087 [main] TRACE org.testng.internal.Graph - [Graph] ADDING NODE AbstractTestNGCucumberTests.setUpClass(org.testng.ITestContext)[pri:0, instance:null] -393284817
15:46:10.087 [main] TRACE org.testng.internal.Graph - [Graph] ================ SORTING
15:46:10.093 [main] TRACE org.testng.internal.Graph - [Graph] =============== DONE SORTING
15:46:10.093 [main] TRACE org.testng.internal.Graph - [Graph] ====== SORTED NODES
15:46:10.093 [main] TRACE org.testng.internal.Graph - [Graph] ====== END SORTED NODES
15:46:10.096 [main] TRACE org.testng.internal.Graph - [Graph] ADDING NODE AbstractTestNGCucumberTests.tearDownClass()[pri:0, instance:null] 1523153566
15:46:10.096 [main] TRACE org.testng.internal.Graph - [Graph] ================ SORTING
15:46:10.096 [main] TRACE org.testng.internal.Graph - [Graph] =============== DONE SORTING
15:46:10.096 [main] TRACE org.testng.internal.Graph - [Graph] ====== SORTED NODES
15:46:10.096 [main] TRACE org.testng.internal.Graph - [Graph] ====== END SORTED NODES
15:46:10.115 [main] TRACE org.testng.internal.Graph - [Graph] ADDING NODE BrowserContext.setBrowser(java.lang.String)[pri:0, instance:base.BrowserContext@49964d75] -782802092
15:46:10.115 [main] TRACE org.testng.internal.Graph - [Graph] ADDING NODE AbstractTestNGCucumberTests.runScenario(io.cucumber.testng.PickleWrapper,io.cucumber.testng.FeatureWrapper)[pri:0, instance:runners.TestRunner@6d025197] 678509160
15:46:10.115 [main] TRACE org.testng.internal.Graph - [Graph] ================ SORTING
15:46:10.119 [main] TRACE org.testng.internal.Graph - [Graph] =============== DONE SORTING
15:46:10.119 [main] TRACE org.testng.internal.Graph - [Graph] ====== SORTED NODES
15:46:10.119 [main] TRACE org.testng.internal.Graph - [Graph] ====== END SORTED NODES
15:46:10.142 [main] TRACE org.testng.internal.Graph - [Graph] ADDING NODE AbstractTestNGCucumberTests.setUpClass(org.testng.ITestContext)[pri:0, instance:null] -393284817
15:46:10.142 [main] TRACE org.testng.internal.Graph - [Graph] ================ SORTING
15:46:10.144 [main] TRACE org.testng.internal.Graph - [Graph] =============== DONE SORTING
15:46:10.144 [main] TRACE org.testng.internal.Graph - [Graph] ====== SORTED NODES
15:46:10.144 [main] TRACE org.testng.internal.Graph - [Graph] ====== END SORTED NODES
15:46:10.145 [main] TRACE org.testng.internal.Graph - [Graph] ADDING NODE AbstractTestNGCucumberTests.tearDownClass()[pri:0, instance:null] 1523153566
15:46:10.145 [main] TRACE org.testng.internal.Graph - [Graph] ================ SORTING
15:46:10.147 [main] TRACE org.testng.internal.Graph - [Graph] =============== DONE SORTING
15:46:10.147 [main] TRACE org.testng.internal.Graph - [Graph] ====== SORTED NODES
15:46:10.147 [main] TRACE org.testng.internal.Graph - [Graph] ====== END SORTED NODES
15:46:10.150 [main] TRACE org.testng.internal.Graph - [Graph] ADDING NODE BrowserContext.setBrowser(java.lang.String)[pri:0, instance:base.BrowserContext@531f4093] -622832014
15:46:10.151 [main] TRACE org.testng.internal.Graph - [Graph] ADDING NODE AbstractTestNGCucumberTests.runScenario(io.cucumber.testng.PickleWrapper,io.cucumber.testng.FeatureWrapper)[pri:0, instance:runners.TestRunner@62ef27a8] 509481081
