13:41:10.332 [TestNG-PoolService-1] INFO  stepDefinitions.CucumberHooks - Starting Scenario: Login with valid credentials
13:41:10.345 [TestNG-PoolService-1] INFO  stepDefinitions.CucumberHooks - Finished Scenario: Login with valid credentials - FAILED
13:41:10.606 [main] INFO  stepDefinitions.CucumberHooks - Starting Scenario: Login with valid credentials
13:41:10.609 [main] INFO  stepDefinitions.CucumberHooks - Finished Scenario: Login with valid credentials - FAILED
13:41:10.629 [main] INFO  stepDefinitions.CucumberHooks - Starting Scenario: Login with valid credentials
13:41:10.631 [main] INFO  stepDefinitions.CucumberHooks - Finished Scenario: Login with valid credentials - FAILED
13:41:10.685 [main] TRACE org.testng.internal.Graph - [Graph] ADDING NODE BrowserContext.setBrowser(java.lang.String)[pri:0, instance:base.BrowserContext@49964d75] -782802092
13:41:10.685 [main] TRACE org.testng.internal.Graph - [Graph] ADDING NODE AbstractTestNGCucumberTests.runScenario(io.cucumber.testng.PickleWrapper,io.cucumber.testng.FeatureWrapper)[pri:0, instance:runners.TestRunner@6d025197] 678509160
13:41:10.685 [main] TRACE org.testng.internal.Graph - [Graph] ================ SORTING
13:41:10.686 [main] TRACE org.testng.internal.Graph - [Graph] =============== DONE SORTING
13:41:10.686 [main] TRACE org.testng.internal.Graph - [Graph] ====== SORTED NODES
13:41:10.686 [main] TRACE org.testng.internal.Graph - [Graph] ====== END SORTED NODES
13:41:10.691 [main] TRACE org.testng.internal.Graph - [Graph] ADDING NODE BrowserContext.setBrowser(java.lang.String)[pri:0, instance:base.BrowserContext@42bc14c1] -897766752
13:41:10.691 [main] TRACE org.testng.internal.Graph - [Graph] ADDING NODE AbstractTestNGCucumberTests.runScenario(io.cucumber.testng.PickleWrapper,io.cucumber.testng.FeatureWrapper)[pri:0, instance:runners.TestRunner@531f4093] 244197732
13:41:10.691 [main] TRACE org.testng.internal.Graph - [Graph] ================ SORTING
13:41:10.692 [main] TRACE org.testng.internal.Graph - [Graph] =============== DONE SORTING
13:41:10.692 [main] TRACE org.testng.internal.Graph - [Graph] ====== SORTED NODES
13:41:10.692 [main] TRACE org.testng.internal.Graph - [Graph] ====== END SORTED NODES
13:41:10.693 [main] TRACE org.testng.internal.Graph - [Graph] ADDING NODE BrowserContext.setBrowser(java.lang.String)[pri:0, instance:base.BrowserContext@460ebd80] -842017953
13:41:10.693 [main] TRACE org.testng.internal.Graph - [Graph] ADDING NODE AbstractTestNGCucumberTests.runScenario(io.cucumber.testng.PickleWrapper,io.cucumber.testng.FeatureWrapper)[pri:0, instance:runners.FailedTestRunner@6f3c660a] 715869915
13:41:10.693 [main] TRACE org.testng.internal.Graph - [Graph] ================ SORTING
13:41:10.693 [main] TRACE org.testng.internal.Graph - [Graph] =============== DONE SORTING
13:41:10.693 [main] TRACE org.testng.internal.Graph - [Graph] ====== SORTED NODES
13:41:10.693 [main] TRACE org.testng.internal.Graph - [Graph] ====== END SORTED NODES
13:41:10.694 [main] TRACE org.testng.internal.Graph - [Graph] ADDING NODE BrowserContext.setBrowser(java.lang.String)[pri:0, instance:base.BrowserContext@1afdd473] -1564546478
13:41:10.694 [main] TRACE org.testng.internal.Graph - [Graph] ADDING NODE AbstractTestNGCucumberTests.runScenario(io.cucumber.testng.PickleWrapper,io.cucumber.testng.FeatureWrapper)[pri:0, instance:runners.FailedTestRunner@40238dd0] -74287455
13:41:10.694 [main] TRACE org.testng.internal.Graph - [Graph] ================ SORTING
13:41:10.694 [main] TRACE org.testng.internal.Graph - [Graph] =============== DONE SORTING
13:41:10.694 [main] TRACE org.testng.internal.Graph - [Graph] ====== SORTED NODES
13:41:10.694 [main] TRACE org.testng.internal.Graph - [Graph] ====== END SORTED NODES
13:41:27.180 [main] DEBUG org.testng.TestNG - suiteXmlPath: "C:\Users\sabah\IdeaProjects\BDDFramework2026\testTwoBrowser.xml"
13:41:27.199 [main] WARN  org.testng.xml.TestNGContentHandler - It is strongly recommended to add "<!DOCTYPE suite SYSTEM "https://testng.org/testng-1.1.dtd" >" at the top of the suite file [C:\Users\sabah\IdeaProjects\BDDFramework2026\testTwoBrowser.xml] otherwise TestNG may fail or not work as expected.
13:41:27.389 [main] TRACE org.testng.internal.Graph - [Graph] ADDING NODE AbstractTestNGCucumberTests.setUpClass(org.testng.ITestContext)[pri:0, instance:null] -393284817
13:41:27.390 [main] TRACE org.testng.internal.Graph - [Graph] ================ SORTING
13:41:27.393 [main] TRACE org.testng.internal.Graph - [Graph] =============== DONE SORTING
13:41:27.393 [main] TRACE org.testng.internal.Graph - [Graph] ====== SORTED NODES
13:41:27.393 [main] TRACE org.testng.internal.Graph - [Graph] ====== END SORTED NODES
13:41:27.394 [main] TRACE org.testng.internal.Graph - [Graph] ADDING NODE AbstractTestNGCucumberTests.tearDownClass()[pri:0, instance:null] 1523153566
13:41:27.395 [main] TRACE org.testng.internal.Graph - [Graph] ================ SORTING
13:41:27.395 [main] TRACE org.testng.internal.Graph - [Graph] =============== DONE SORTING
13:41:27.395 [main] TRACE org.testng.internal.Graph - [Graph] ====== SORTED NODES
13:41:27.395 [main] TRACE org.testng.internal.Graph - [Graph] ====== END SORTED NODES
13:41:27.404 [main] TRACE org.testng.internal.Graph - [Graph] ADDING NODE BrowserContext.setBrowser(java.lang.String)[pri:0, instance:base.BrowserContext@49964d75] -782802092
13:41:27.407 [main] TRACE org.testng.internal.Graph - [Graph] ADDING NODE AbstractTestNGCucumberTests.runScenario(io.cucumber.testng.PickleWrapper,io.cucumber.testng.FeatureWrapper)[pri:0, instance:runners.TestRunner@6d025197] 678509160
13:41:27.408 [main] TRACE org.testng.internal.Graph - [Graph] ================ SORTING
13:41:27.411 [main] TRACE org.testng.internal.Graph - [Graph] =============== DONE SORTING
13:41:27.411 [main] TRACE org.testng.internal.Graph - [Graph] ====== SORTED NODES
13:41:27.412 [main] TRACE org.testng.internal.Graph - [Graph] ====== END SORTED NODES
13:41:27.423 [main] TRACE org.testng.internal.Graph - [Graph] ADDING NODE AbstractTestNGCucumberTests.setUpClass(org.testng.ITestContext)[pri:0, instance:null] -393284817
13:41:27.423 [main] TRACE org.testng.internal.Graph - [Graph] ================ SORTING
13:41:27.423 [main] TRACE org.testng.internal.Graph - [Graph] =============== DONE SORTING
13:41:27.423 [main] TRACE org.testng.internal.Graph - [Graph] ====== SORTED NODES
13:41:27.423 [main] TRACE org.testng.internal.Graph - [Graph] ====== END SORTED NODES
13:41:27.424 [main] TRACE org.testng.internal.Graph - [Graph] ADDING NODE AbstractTestNGCucumberTests.tearDownClass()[pri:0, instance:null] 1523153566
13:41:27.424 [main] TRACE org.testng.internal.Graph - [Graph] ================ SORTING
13:41:27.424 [main] TRACE org.testng.internal.Graph - [Graph] =============== DONE SORTING
13:41:27.425 [main] TRACE org.testng.internal.Graph - [Graph] ====== SORTED NODES
13:41:27.425 [main] TRACE org.testng.internal.Graph - [Graph] ====== END SORTED NODES
13:41:27.426 [main] TRACE org.testng.internal.Graph - [Graph] ADDING NODE BrowserContext.setBrowser(java.lang.String)[pri:0, instance:base.BrowserContext@42bc14c1] -897766752
13:41:27.427 [main] TRACE org.testng.internal.Graph - [Graph] ADDING NODE AbstractTestNGCucumberTests.runScenario(io.cucumber.testng.PickleWrapper,io.cucumber.testng.FeatureWrapper)[pri:0, instance:runners.TestRunner@531f4093] 244197732
13:41:27.427 [main] TRACE org.testng.internal.Graph - [Graph] ================ SORTING
13:41:27.427 [main] TRACE org.testng.internal.Graph - [Graph] =============== DONE SORTING
13:41:27.427 [main] TRACE org.testng.internal.Graph - [Graph] ====== SORTED NODES
13:41:27.428 [main] TRACE org.testng.internal.Graph - [Graph] ====== END SORTED NODES
13:41:27.433 [main] TRACE org.testng.internal.Graph - [Graph] ADDING NODE AbstractTestNGCucumberTests.setUpClass(org.testng.ITestContext)[pri:0, instance:null] -393284817
13:41:27.433 [main] TRACE org.testng.internal.Graph - [Graph] ================ SORTING
13:41:27.433 [main] TRACE org.testng.internal.Graph - [Graph] =============== DONE SORTING
13:41:27.433 [main] TRACE org.testng.internal.Graph - [Graph] ====== SORTED NODES
13:41:27.434 [main] TRACE org.testng.internal.Graph - [Graph] ====== END SORTED NODES
13:41:27.434 [main] TRACE org.testng.internal.Graph - [Graph] ADDING NODE AbstractTestNGCucumberTests.tearDownClass()[pri:0, instance:null] 1523153566
13:41:27.434 [main] TRACE org.testng.internal.Graph - [Graph] ================ SORTING
13:41:27.435 [main] TRACE org.testng.internal.Graph - [Graph] =============== DONE SORTING
13:41:27.435 [main] TRACE org.testng.internal.Graph - [Graph] ====== SORTED NODES
13:41:27.435 [main] TRACE org.testng.internal.Graph - [Graph] ====== END SORTED NODES
13:41:27.436 [main] TRACE org.testng.internal.Graph - [Graph] ADDING NODE BrowserContext.setBrowser(java.lang.String)[pri:0, instance:base.BrowserContext@6f3c660a] -151159831
13:41:27.436 [main] TRACE org.testng.internal.Graph - [Graph] ADDING NODE AbstractTestNGCucumberTests.runScenario(io.cucumber.testng.PickleWrapper,io.cucumber.testng.FeatureWrapper)[pri:0, instance:runners.FailedTestRunner@74f5ce22] 811906803
13:41:27.436 [main] TRACE org.testng.internal.Graph - [Graph] ================ SORTING
13:41:27.437 [main] TRACE org.testng.internal.Graph - [Graph] =============== DONE SORTING
13:41:27.437 [main] TRACE org.testng.internal.Graph - [Graph] ====== SORTED NODES
13:41:27.437 [main] TRACE org.testng.internal.Graph - [Graph] ====== END SORTED NODES
13:41:27.441 [main] TRACE org.testng.internal.Graph - [Graph] ADDING NODE AbstractTestNGCucumberTests.setUpClass(org.testng.ITestContext)[pri:0, instance:null] -393284817
13:41:27.442 [main] TRACE org.testng.internal.Graph - [Graph] ================ SORTING
13:41:27.442 [main] TRACE org.testng.internal.Graph - [Graph] =============== DONE SORTING
13:41:27.442 [main] TRACE org.testng.internal.Graph - [Graph] ====== SORTED NODES
