15:46:10.151 [main] TRACE org.testng.internal.Graph - [Graph] ================ SORTING
15:46:10.163 [main] TRACE org.testng.internal.Graph - [Graph] =============== DONE SORTING
15:46:10.163 [main] TRACE org.testng.internal.Graph - [Graph] ====== SORTED NODES
15:46:10.167 [main] TRACE org.testng.internal.Graph - [Graph] ====== END SORTED NODES
15:46:10.179 [main] TRACE org.testng.internal.Graph - [Graph] ADDING NODE AbstractTestNGCucumberTests.setUpClass(org.testng.ITestContext)[pri:0, instance:null] -393284817
15:46:10.179 [main] TRACE org.testng.internal.Graph - [Graph] ================ SORTING
15:46:10.179 [main] TRACE org.testng.internal.Graph - [Graph] =============== DONE SORTING
15:46:10.179 [main] TRACE org.testng.internal.Graph - [Graph] ====== SORTED NODES
15:46:10.182 [main] TRACE org.testng.internal.Graph - [Graph] ====== END SORTED NODES
15:46:10.185 [main] TRACE org.testng.internal.Graph - [Graph] ADDING NODE AbstractTestNGCucumberTests.tearDownClass()[pri:0, instance:null] 1523153566
15:46:10.185 [main] TRACE org.testng.internal.Graph - [Graph] ================ SORTING
15:46:10.187 [main] TRACE org.testng.internal.Graph - [Graph] =============== DONE SORTING
15:46:10.187 [main] TRACE org.testng.internal.Graph - [Graph] ====== SORTED NODES
15:46:10.187 [main] TRACE org.testng.internal.Graph - [Graph] ====== END SORTED NODES
15:46:10.191 [main] TRACE org.testng.internal.Graph - [Graph] ADDING NODE BrowserContext.setBrowser(java.lang.String)[pri:0, instance:base.BrowserContext@7ac0e420] 42072575
15:46:10.191 [main] TRACE org.testng.internal.Graph - [Graph] ADDING NODE AbstractTestNGCucumberTests.runScenario(io.cucumber.testng.PickleWrapper,io.cucumber.testng.FeatureWrapper)[pri:0, instance:runners.FailedTestRunner@289710d9] -469370454
15:46:10.193 [main] TRACE org.testng.internal.Graph - [Graph] ================ SORTING
15:46:10.194 [main] TRACE org.testng.internal.Graph - [Graph] =============== DONE SORTING
15:46:10.196 [main] TRACE org.testng.internal.Graph - [Graph] ====== SORTED NODES
15:46:10.196 [main] TRACE org.testng.internal.Graph - [Graph] ====== END SORTED NODES
15:46:10.209 [main] TRACE org.testng.internal.Graph - [Graph] ADDING NODE AbstractTestNGCucumberTests.setUpClass(org.testng.ITestContext)[pri:0, instance:null] -393284817
15:46:10.209 [main] TRACE org.testng.internal.Graph - [Graph] ================ SORTING
15:46:10.209 [main] TRACE org.testng.internal.Graph - [Graph] =============== DONE SORTING
15:46:10.209 [main] TRACE org.testng.internal.Graph - [Graph] ====== SORTED NODES
15:46:10.209 [main] TRACE org.testng.internal.Graph - [Graph] ====== END SORTED NODES
15:46:10.213 [main] TRACE org.testng.internal.Graph - [Graph] ADDING NODE AbstractTestNGCucumberTests.tearDownClass()[pri:0, instance:null] 1523153566
15:46:10.213 [main] TRACE org.testng.internal.Graph - [Graph] ================ SORTING
15:46:10.213 [main] TRACE org.testng.internal.Graph - [Graph] =============== DONE SORTING
15:46:10.213 [main] TRACE org.testng.internal.Graph - [Graph] ====== SORTED NODES
15:46:10.213 [main] TRACE org.testng.internal.Graph - [Graph] ====== END SORTED NODES
15:46:10.219 [main] TRACE org.testng.internal.Graph - [Graph] ADDING NODE BrowserContext.setBrowser(java.lang.String)[pri:0, instance:base.BrowserContext@403f0a22] -939515903
15:46:10.220 [main] TRACE org.testng.internal.Graph - [Graph] ADDING NODE AbstractTestNGCucumberTests.runScenario(io.cucumber.testng.PickleWrapper,io.cucumber.testng.FeatureWrapper)[pri:0, instance:runners.FailedTestRunner@503ecb24] 195933173
15:46:10.221 [main] TRACE org.testng.internal.Graph - [Graph] ================ SORTING
15:46:10.221 [main] TRACE org.testng.internal.Graph - [Graph] =============== DONE SORTING
15:46:10.221 [main] TRACE org.testng.internal.Graph - [Graph] ====== SORTED NODES
15:46:10.221 [main] TRACE org.testng.internal.Graph - [Graph] ====== END SORTED NODES
15:46:13.294 [TestNG-PoolService-1] INFO  stepDefinitions.CucumberHooks - Starting Scenario: Read the URL from YAML file
15:46:24.131 [TestNG-PoolService-1] INFO  stepDefinitions.GetUrlYaml - Navigate to https://www.saucedemo.com/ environment: qa
15:46:24.143 [TestNG-PoolService-1] INFO  stepDefinitions.CucumberHooks - Finished Scenario: Read the URL from YAML file - PASSED
15:46:29.419 [TestNG-PoolService-1] INFO  stepDefinitions.CucumberHooks - Starting Scenario: Read the URL from YAML file
15:46:39.940 [TestNG-PoolService-1] INFO  stepDefinitions.GetUrlYaml - Navigate to https://www.saucedemo.com/ environment: qa
15:46:39.942 [TestNG-PoolService-1] INFO  stepDefinitions.CucumberHooks - Finished Scenario: Read the URL from YAML file - PASSED
15:46:40.963 [main] WARN  org.testng.internal.Utils - The test method 'io.cucumber.testng.AbstractTestNGCucumberTests.runScenario' will be skipped since its data provider 'scenarios' returned an empty array or iterator. 
15:46:40.989 [main] WARN  org.testng.internal.Utils - The test method 'io.cucumber.testng.AbstractTestNGCucumberTests.runScenario' will be skipped since its data provider 'scenarios' returned an empty array or iterator. 
15:47:27.913 [main] DEBUG org.testng.TestNG - suiteXmlPath: "C:\Users\sabah\IdeaProjects\BDDFramework2026\testWithYaml.xml"
15:47:27.929 [main] WARN  org.testng.xml.TestNGContentHandler - It is strongly recommended to add "<!DOCTYPE suite SYSTEM "https://testng.org/testng-1.1.dtd" >" at the top of the suite file [C:\Users\sabah\IdeaProjects\BDDFramework2026\testWithYaml.xml] otherwise TestNG may fail or not work as expected.
15:47:28.141 [main] TRACE org.testng.internal.Graph - [Graph] ADDING NODE AbstractTestNGCucumberTests.setUpClass(org.testng.ITestContext)[pri:0, instance:null] -393284817
15:47:28.141 [main] TRACE org.testng.internal.Graph - [Graph] ================ SORTING
15:47:28.146 [main] TRACE org.testng.internal.Graph - [Graph] =============== DONE SORTING
15:47:28.146 [main] TRACE org.testng.internal.Graph - [Graph] ====== SORTED NODES
15:47:28.146 [main] TRACE org.testng.internal.Graph - [Graph] ====== END SORTED NODES
15:47:28.147 [main] TRACE org.testng.internal.Graph - [Graph] ADDING NODE AbstractTestNGCucumberTests.tearDownClass()[pri:0, instance:null] 1523153566
15:47:28.147 [main] TRACE org.testng.internal.Graph - [Graph] ================ SORTING
15:47:28.147 [main] TRACE org.testng.internal.Graph - [Graph] =============== DONE SORTING
15:47:28.147 [main] TRACE org.testng.internal.Graph - [Graph] ====== SORTED NODES
15:47:28.147 [main] TRACE org.testng.internal.Graph - [Graph] ====== END SORTED NODES
15:47:28.152 [main] TRACE org.testng.internal.Graph - [Graph] ADDING NODE BrowserContext.setBrowser(java.lang.String)[pri:0, instance:base.BrowserContext@49964d75] -782802092
15:47:28.156 [main] TRACE org.testng.internal.Graph - [Graph] ADDING NODE AbstractTestNGCucumberTests.runScenario(io.cucumber.testng.PickleWrapper,io.cucumber.testng.FeatureWrapper)[pri:0, instance:runners.TestRunner@6d025197] 678509160
15:47:28.156 [main] TRACE org.testng.internal.Graph - [Graph] ================ SORTING
15:47:28.157 [main] TRACE org.testng.internal.Graph - [Graph] =============== DONE SORTING
15:47:28.157 [main] TRACE org.testng.internal.Graph - [Graph] ====== SORTED NODES
15:47:28.157 [main] TRACE org.testng.internal.Graph - [Graph] ====== END SORTED NODES
15:47:30.545 [TestNG-PoolService-1] INFO  stepDefinitions.CucumberHooks - Starting Scenario: Read the URL from YAML file
15:47:41.128 [TestNG-PoolService-1] INFO  stepDefinitions.GetUrlYaml - Navigate to https://www.saucedemo.com/ environment: qa
15:47:41.138 [TestNG-PoolService-1] INFO  stepDefinitions.CucumberHooks - Finished Scenario: Read the URL from YAML file - PASSED
16:08:34.623 [main] DEBUG org.testng.TestNG - suiteXmlPath: "C:\Users\sabah\IdeaProjects\BDDFramework2026\testWithYaml.xml"
16:08:34.642 [main] WARN  org.testng.xml.TestNGContentHandler - It is strongly recommended to add "<!DOCTYPE suite SYSTEM "https://testng.org/testng-1.1.dtd" >" at the top of the suite file [C:\Users\sabah\IdeaProjects\BDDFramework2026\testWithYaml.xml] otherwise TestNG may fail or not work as expected.
16:08:34.838 [main] TRACE org.testng.internal.Graph - [Graph] ADDING NODE AbstractTestNGCucumberTests.setUpClass(org.testng.ITestContext)[pri:0, instance:null] -393284817
16:08:34.839 [main] TRACE org.testng.internal.Graph - [Graph] ================ SORTING
16:08:34.843 [main] TRACE org.testng.internal.Graph - [Graph] =============== DONE SORTING
16:08:34.843 [main] TRACE org.testng.internal.Graph - [Graph] ====== SORTED NODES
16:08:34.843 [main] TRACE org.testng.internal.Graph - [Graph] ====== END SORTED NODES
16:08:34.845 [main] TRACE org.testng.internal.Graph - [Graph] ADDING NODE AbstractTestNGCucumberTests.tearDownClass()[pri:0, instance:null] 1523153566
16:08:34.845 [main] TRACE org.testng.internal.Graph - [Graph] ================ SORTING
16:08:34.845 [main] TRACE org.testng.internal.Graph - [Graph] =============== DONE SORTING
16:08:34.845 [main] TRACE org.testng.internal.Graph - [Graph] ====== SORTED NODES
16:08:34.845 [main] TRACE org.testng.internal.Graph - [Graph] ====== END SORTED NODES
16:08:34.852 [main] TRACE org.testng.internal.Graph - [Graph] ADDING NODE BrowserContext.setBrowser(java.lang.String)[pri:0, instance:base.BrowserContext@49964d75] -782802092
16:08:34.852 [main] TRACE org.testng.internal.Graph - [Graph] ADDING NODE AbstractTestNGCucumberTests.runScenario(io.cucumber.testng.PickleWrapper,io.cucumber.testng.FeatureWrapper)[pri:0, instance:runners.TestRunner@6d025197] 678509160
16:08:34.853 [main] TRACE org.testng.internal.Graph - [Graph] ================ SORTING
16:08:34.860 [main] TRACE org.testng.internal.Graph - [Graph] =============== DONE SORTING
16:08:34.861 [main] TRACE org.testng.internal.Graph - [Graph] ====== SORTED NODES
16:08:34.861 [main] TRACE org.testng.internal.Graph - [Graph] ====== END SORTED NODES
16:08:40.157 [TestNG-PoolService-1] INFO  stepDefinitions.CucumberHooks - Starting Scenario: Read the URL from YAML file
