12:38:55.300 [TestNG-PoolService-1] INFO  stepDefinitions.LoginSteps - click on login button
12:38:55.334 [TestNG-PoolService-1] INFO  stepDefinitions.LoginSteps - should be logged in successfully
12:38:58.023 [TestNG-PoolService-5] INFO  stepDefinitions.ShoppingJewelrySteps - the user enters the usernameperformance_glitch_userand passwordsecret_sauce
12:38:58.102 [TestNG-PoolService-5] INFO  stepDefinitions.ShoppingJewelrySteps - the user on the main page
12:38:58.187 [TestNG-PoolService-5] INFO  stepDefinitions.ShoppingJewelrySteps - the user clicks the burger menu
12:38:58.487 [TestNG-PoolService-1] INFO  stepDefinitions.CucumberHooks - Finished Scenario: Add jewelry to the cart and proceed to checkout - PASSED
12:38:58.810 [TestNG-PoolService-5] INFO  stepDefinitions.ShoppingJewelrySteps - the user logs out
12:38:58.811 [TestNG-PoolService-5] INFO  stepDefinitions.CucumberHooks - Finished Scenario: Login with different valid credentials - PASSED
12:11:55.973 [main] DEBUG org.testng.TestNG - suiteXmlPath: "C:\Users\sabah\IdeaProjects\BDDFramework2026\test2.xml"
12:11:56.005 [main] WARN  org.testng.xml.TestNGContentHandler - It is strongly recommended to add "<!DOCTYPE suite SYSTEM "https://testng.org/testng-1.1.dtd" >" at the top of the suite file [C:\Users\sabah\IdeaProjects\BDDFramework2026\test2.xml] otherwise TestNG may fail or not work as expected.
12:11:56.219 [main] TRACE org.testng.internal.Graph - [Graph] ADDING NODE AbstractTestNGCucumberTests.setUpClass(org.testng.ITestContext)[pri:0, instance:null] -393284817
12:11:56.222 [main] TRACE org.testng.internal.Graph - [Graph] ================ SORTING
12:11:56.227 [main] TRACE org.testng.internal.Graph - [Graph] =============== DONE SORTING
12:11:56.227 [main] TRACE org.testng.internal.Graph - [Graph] ====== SORTED NODES
12:11:56.227 [main] TRACE org.testng.internal.Graph - [Graph] ====== END SORTED NODES
12:11:56.227 [main] TRACE org.testng.internal.Graph - [Graph] ADDING NODE AbstractTestNGCucumberTests.tearDownClass()[pri:0, instance:null] 1523153566
12:11:56.227 [main] TRACE org.testng.internal.Graph - [Graph] ================ SORTING
12:11:56.227 [main] TRACE org.testng.internal.Graph - [Graph] =============== DONE SORTING
12:11:56.229 [main] TRACE org.testng.internal.Graph - [Graph] ====== SORTED NODES
12:11:56.229 [main] TRACE org.testng.internal.Graph - [Graph] ====== END SORTED NODES
12:11:56.240 [main] TRACE org.testng.internal.Graph - [Graph] ADDING NODE BrowserContext.setBrowser(java.lang.String)[pri:0, instance:base.BrowserContext@5460cf3a] -601758439
12:11:56.240 [main] TRACE org.testng.internal.Graph - [Graph] ADDING NODE AbstractTestNGCucumberTests.runScenario(io.cucumber.testng.PickleWrapper,io.cucumber.testng.FeatureWrapper)[pri:0, instance:runners.TestRunner@5dcb4f5f] 423245872
12:11:56.240 [main] TRACE org.testng.internal.Graph - [Graph] ================ SORTING
12:11:56.244 [main] TRACE org.testng.internal.Graph - [Graph] =============== DONE SORTING
12:11:56.245 [main] TRACE org.testng.internal.Graph - [Graph] ====== SORTED NODES
12:11:56.245 [main] TRACE org.testng.internal.Graph - [Graph] ====== END SORTED NODES
12:11:56.254 [main] TRACE org.testng.internal.Graph - [Graph] ADDING NODE AbstractTestNGCucumberTests.setUpClass(org.testng.ITestContext)[pri:0, instance:null] -393284817
12:11:56.254 [main] TRACE org.testng.internal.Graph - [Graph] ================ SORTING
12:11:56.254 [main] TRACE org.testng.internal.Graph - [Graph] =============== DONE SORTING
12:11:56.254 [main] TRACE org.testng.internal.Graph - [Graph] ====== SORTED NODES
12:11:56.254 [main] TRACE org.testng.internal.Graph - [Graph] ====== END SORTED NODES
12:11:56.256 [main] TRACE org.testng.internal.Graph - [Graph] ADDING NODE AbstractTestNGCucumberTests.tearDownClass()[pri:0, instance:null] 1523153566
12:11:56.256 [main] TRACE org.testng.internal.Graph - [Graph] ================ SORTING
12:11:56.256 [main] TRACE org.testng.internal.Graph - [Graph] =============== DONE SORTING
12:11:56.256 [main] TRACE org.testng.internal.Graph - [Graph] ====== SORTED NODES
12:11:56.256 [main] TRACE org.testng.internal.Graph - [Graph] ====== END SORTED NODES
12:11:56.258 [main] TRACE org.testng.internal.Graph - [Graph] ADDING NODE BrowserContext.setBrowser(java.lang.String)[pri:0, instance:base.BrowserContext@71529963] -116150462
12:11:56.258 [main] TRACE org.testng.internal.Graph - [Graph] ADDING NODE AbstractTestNGCucumberTests.runScenario(io.cucumber.testng.PickleWrapper,io.cucumber.testng.FeatureWrapper)[pri:0, instance:runners.TestRunner@77258e59] 848590634
12:11:56.258 [main] TRACE org.testng.internal.Graph - [Graph] ================ SORTING
12:11:56.258 [main] TRACE org.testng.internal.Graph - [Graph] =============== DONE SORTING
12:11:56.258 [main] TRACE org.testng.internal.Graph - [Graph] ====== SORTED NODES
12:11:56.258 [main] TRACE org.testng.internal.Graph - [Graph] ====== END SORTED NODES
12:11:56.260 [main] INFO  org.testng.internal.Utils - [TestNG] Running:
  C:\Users\sabah\IdeaProjects\BDDFramework2026\test2.xml

12:12:03.635 [TestNG-PoolService-4] INFO  stepDefinitions.CucumberHooks - Starting Scenario: Login with different valid credentials
12:12:04.861 [TestNG-PoolService-4] INFO  stepDefinitions.ShoppingJewelrySteps - the user opens the page
12:12:05.421 [TestNG-PoolService-2] INFO  stepDefinitions.CucumberHooks - Starting Scenario: Login with different valid credentials
12:12:05.778 [TestNG-PoolService-4] INFO  stepDefinitions.ShoppingJewelrySteps - the user enters the usernameproblem_userand passwordsecret_sauce
12:12:06.030 [TestNG-PoolService-1] INFO  stepDefinitions.CucumberHooks - Starting Scenario: Add jewelry to the cart and proceed to checkout
12:12:06.039 [TestNG-PoolService-2] INFO  stepDefinitions.ShoppingJewelrySteps - the user opens the page
12:12:06.165 [TestNG-PoolService-4] INFO  stepDefinitions.ShoppingJewelrySteps - the user on the main page
12:12:06.173 [TestNG-PoolService-5] INFO  stepDefinitions.CucumberHooks - Starting Scenario: Login with different valid credentials
12:12:07.049 [TestNG-PoolService-4] INFO  stepDefinitions.ShoppingJewelrySteps - the user clicks the burger menu
12:12:07.179 [TestNG-PoolService-5] INFO  stepDefinitions.ShoppingJewelrySteps - the user opens the page
12:12:07.286 [TestNG-PoolService-7] INFO  stepDefinitions.CucumberHooks - Starting Scenario: Login with different valid credentials
12:12:07.707 [TestNG-PoolService-6] INFO  stepDefinitions.CucumberHooks - Starting Scenario: Login with different valid credentials
12:12:07.794 [TestNG-PoolService-4] INFO  stepDefinitions.ShoppingJewelrySteps - the user logs out
12:12:07.802 [TestNG-PoolService-4] INFO  stepDefinitions.CucumberHooks - Finished Scenario: Login with different valid credentials - PASSED
12:12:07.936 [TestNG-PoolService-3] INFO  stepDefinitions.CucumberHooks - Starting Scenario: Login with different valid credentials
12:12:08.152 [TestNG-PoolService-2] INFO  stepDefinitions.ShoppingJewelrySteps - the user enters the usernamestandard_userand passwordsecret_sauce
12:12:08.395 [TestNG-PoolService-2] INFO  stepDefinitions.ShoppingJewelrySteps - the user on the main page
12:12:08.396 [TestNG-PoolService-6] INFO  stepDefinitions.ShoppingJewelrySteps - the user opens the page
12:12:08.639 [TestNG-PoolService-2] INFO  stepDefinitions.ShoppingJewelrySteps - the user clicks the burger menu
12:12:08.877 [TestNG-PoolService-3] INFO  stepDefinitions.ShoppingJewelrySteps - the user opens the page
12:12:08.949 [TestNG-PoolService-6] INFO  stepDefinitions.ShoppingJewelrySteps - the user enters the usernameerror_userand passwordsecret_sauce
12:12:09.168 [TestNG-PoolService-7] INFO  stepDefinitions.ShoppingJewelrySteps - the user opens the page
12:12:09.168 [TestNG-PoolService-6] INFO  stepDefinitions.ShoppingJewelrySteps - the user on the main page
12:12:09.179 [TestNG-PoolService-1] INFO  stepDefinitions.LoginSteps - navigate to the Demo Web Shop
12:12:09.355 [TestNG-PoolService-6] INFO  stepDefinitions.ShoppingJewelrySteps - the user clicks the burger menu
12:12:09.483 [TestNG-PoolService-2] INFO  stepDefinitions.ShoppingJewelrySteps - the user logs out
12:12:09.484 [TestNG-PoolService-2] INFO  stepDefinitions.CucumberHooks - Finished Scenario: Login with different valid credentials - PASSED
12:12:09.552 [TestNG-PoolService-3] INFO  stepDefinitions.ShoppingJewelrySteps - the user enters the usernamelocked_out_userand passwordsecret_sauce
12:12:09.629 [TestNG-PoolService-6] INFO  stepDefinitions.ShoppingJewelrySteps - the user logs out
12:12:09.634 [TestNG-PoolService-6] INFO  stepDefinitions.CucumberHooks - Finished Scenario: Login with different valid credentials - PASSED
12:12:09.794 [TestNG-PoolService-3] INFO  stepDefinitions.CucumberHooks - Finished Scenario: Login with different valid credentials - FAILED
12:12:09.798 [TestNG-PoolService-7] INFO  stepDefinitions.ShoppingJewelrySteps - the user enters the usernamevisual_userand passwordsecret_sauce
12:12:09.949 [TestNG-PoolService-7] INFO  stepDefinitions.ShoppingJewelrySteps - the user on the main page
12:12:10.050 [TestNG-PoolService-7] INFO  stepDefinitions.ShoppingJewelrySteps - the user clicks the burger menu
12:12:10.286 [TestNG-PoolService-1] INFO  stepDefinitions.LoginSteps - click on login button on header
12:12:10.456 [TestNG-PoolService-1] INFO  stepDefinitions.LoginSteps - should be show Welcome Please Sign In
12:12:10.605 [TestNG-PoolService-1] INFO  stepDefinitions.LoginSteps - enter the valid email {string}
12:12:10.669 [TestNG-PoolService-7] INFO  stepDefinitions.ShoppingJewelrySteps - the user logs out
12:12:10.670 [TestNG-PoolService-7] INFO  stepDefinitions.CucumberHooks - Finished Scenario: Login with different valid credentials - PASSED
12:12:10.901 [TestNG-PoolService-1] INFO  stepDefinitions.LoginSteps - enter the valid password {string}
12:12:12.456 [TestNG-PoolService-1] INFO  stepDefinitions.LoginSteps - click on login button
