13:56:42.079 [main] TRACE org.testng.internal.Graph - [Graph] ====== END SORTED NODES
13:56:42.088 [main] TRACE org.testng.internal.Graph - [Graph] ADDING NODE AbstractTestNGCucumberTests.tearDownClass()[pri:0, instance:null] 1523153566
13:56:42.089 [main] TRACE org.testng.internal.Graph - [Graph] ================ SORTING
13:56:42.089 [main] TRACE org.testng.internal.Graph - [Graph] =============== DONE SORTING
13:56:42.089 [main] TRACE org.testng.internal.Graph - [Graph] ====== SORTED NODES
13:56:42.089 [main] TRACE org.testng.internal.Graph - [Graph] ====== END SORTED NODES
13:56:42.090 [main] TRACE org.testng.internal.Graph - [Graph] ADDING NODE BrowserContext.setBrowser(java.lang.String)[pri:0, instance:base.BrowserContext@1afdd473] -1564546478
13:56:42.096 [main] TRACE org.testng.internal.Graph - [Graph] ADDING NODE AbstractTestNGCucumberTests.runScenario(io.cucumber.testng.PickleWrapper,io.cucumber.testng.FeatureWrapper)[pri:0, instance:runners.FailedTestRunner@503ecb24] 195933173
13:56:42.096 [main] TRACE org.testng.internal.Graph - [Graph] ================ SORTING
13:56:42.096 [main] TRACE org.testng.internal.Graph - [Graph] =============== DONE SORTING
13:56:42.097 [main] TRACE org.testng.internal.Graph - [Graph] ====== SORTED NODES
13:56:42.097 [main] TRACE org.testng.internal.Graph - [Graph] ====== END SORTED NODES
13:56:43.737 [TestNG-PoolService-1] INFO  stepDefinitions.CucumberHooks - Starting Scenario: Login with valid credentials
13:56:45.974 [TestNG-PoolService-1] INFO  stepDefinitions.LoginSteps - navigate to the Demo Web Shop
13:56:46.492 [TestNG-PoolService-1] INFO  stepDefinitions.LoginSteps - click on login button on header
13:56:46.532 [TestNG-PoolService-1] INFO  stepDefinitions.LoginSteps - should be show Welcome Please Sign In
13:56:46.569 [TestNG-PoolService-1] INFO  stepDefinitions.LoginSteps - enter the valid email {string}
13:56:46.633 [TestNG-PoolService-1] INFO  stepDefinitions.LoginSteps - enter the valid password {string}
13:56:46.689 [TestNG-PoolService-1] INFO  stepDefinitions.LoginSteps - click on login button
13:56:47.919 [TestNG-PoolService-1] INFO  stepDefinitions.CucumberHooks - Finished Scenario: Login with valid credentials - FAILED
13:56:50.184 [TestNG-PoolService-1] INFO  stepDefinitions.CucumberHooks - Starting Scenario: Login with valid credentials
13:56:52.594 [TestNG-PoolService-1] INFO  stepDefinitions.LoginSteps - navigate to the Demo Web Shop
13:56:53.077 [TestNG-PoolService-1] INFO  stepDefinitions.LoginSteps - click on login button on header
13:56:53.118 [TestNG-PoolService-1] INFO  stepDefinitions.LoginSteps - should be show Welcome Please Sign In
13:56:53.167 [TestNG-PoolService-1] INFO  stepDefinitions.LoginSteps - enter the valid email {string}
13:56:53.225 [TestNG-PoolService-1] INFO  stepDefinitions.LoginSteps - enter the valid password {string}
13:56:54.256 [TestNG-PoolService-1] INFO  stepDefinitions.LoginSteps - click on login button
13:56:54.287 [TestNG-PoolService-1] INFO  stepDefinitions.LoginSteps - should be logged in successfully
13:56:54.289 [TestNG-PoolService-1] INFO  stepDefinitions.CucumberHooks - Finished Scenario: Login with valid credentials - PASSED
13:56:54.883 [main] WARN  org.testng.internal.Utils - The test method 'io.cucumber.testng.AbstractTestNGCucumberTests.runScenario' will be skipped since its data provider 'scenarios' returned an empty array or iterator. 
13:56:54.894 [main] WARN  org.testng.internal.Utils - The test method 'io.cucumber.testng.AbstractTestNGCucumberTests.runScenario' will be skipped since its data provider 'scenarios' returned an empty array or iterator. 
13:56:54.960 [main] TRACE org.testng.internal.Graph - [Graph] ADDING NODE BrowserContext.setBrowser(java.lang.String)[pri:0, instance:base.BrowserContext@49964d75] -782802092
13:56:54.961 [main] TRACE org.testng.internal.Graph - [Graph] ADDING NODE AbstractTestNGCucumberTests.runScenario(io.cucumber.testng.PickleWrapper,io.cucumber.testng.FeatureWrapper)[pri:0, instance:runners.TestRunner@6d025197] 678509160
13:56:54.961 [main] TRACE org.testng.internal.Graph - [Graph] ================ SORTING
13:56:54.961 [main] TRACE org.testng.internal.Graph - [Graph] =============== DONE SORTING
13:56:54.961 [main] TRACE org.testng.internal.Graph - [Graph] ====== SORTED NODES
13:56:54.961 [main] TRACE org.testng.internal.Graph - [Graph] ====== END SORTED NODES
14:36:00.821 [main] DEBUG org.testng.TestNG - suiteXmlPath: "C:\Users\sabah\IdeaProjects\BDDFramework2026\testTwoBrowser.xml"
14:36:00.851 [main] WARN  org.testng.xml.TestNGContentHandler - It is strongly recommended to add "<!DOCTYPE suite SYSTEM "https://testng.org/testng-1.1.dtd" >" at the top of the suite file [C:\Users\sabah\IdeaProjects\BDDFramework2026\testTwoBrowser.xml] otherwise TestNG may fail or not work as expected.
14:36:01.097 [main] TRACE org.testng.internal.Graph - [Graph] ADDING NODE AbstractTestNGCucumberTests.setUpClass(org.testng.ITestContext)[pri:0, instance:null] -393284817
14:36:01.098 [main] TRACE org.testng.internal.Graph - [Graph] ================ SORTING
14:36:01.102 [main] TRACE org.testng.internal.Graph - [Graph] =============== DONE SORTING
14:36:01.103 [main] TRACE org.testng.internal.Graph - [Graph] ====== SORTED NODES
14:36:01.103 [main] TRACE org.testng.internal.Graph - [Graph] ====== END SORTED NODES
14:36:01.104 [main] TRACE org.testng.internal.Graph - [Graph] ADDING NODE AbstractTestNGCucumberTests.tearDownClass()[pri:0, instance:null] 1523153566
14:36:01.104 [main] TRACE org.testng.internal.Graph - [Graph] ================ SORTING
14:36:01.104 [main] TRACE org.testng.internal.Graph - [Graph] =============== DONE SORTING
14:36:01.104 [main] TRACE org.testng.internal.Graph - [Graph] ====== SORTED NODES
14:36:01.104 [main] TRACE org.testng.internal.Graph - [Graph] ====== END SORTED NODES
14:36:01.114 [main] TRACE org.testng.internal.Graph - [Graph] ADDING NODE BrowserContext.setBrowser(java.lang.String)[pri:0, instance:base.BrowserContext@6dab9b6d] -177426100
14:36:01.114 [main] TRACE org.testng.internal.Graph - [Graph] ADDING NODE AbstractTestNGCucumberTests.runScenario(io.cucumber.testng.PickleWrapper,io.cucumber.testng.FeatureWrapper)[pri:0, instance:runners.TestRunner@24111ef1] -545257534
14:36:01.114 [main] TRACE org.testng.internal.Graph - [Graph] ================ SORTING
14:36:01.118 [main] TRACE org.testng.internal.Graph - [Graph] =============== DONE SORTING
14:36:01.118 [main] TRACE org.testng.internal.Graph - [Graph] ====== SORTED NODES
14:36:01.118 [main] TRACE org.testng.internal.Graph - [Graph] ====== END SORTED NODES
14:36:01.128 [main] TRACE org.testng.internal.Graph - [Graph] ADDING NODE AbstractTestNGCucumberTests.setUpClass(org.testng.ITestContext)[pri:0, instance:null] -393284817
14:36:01.128 [main] TRACE org.testng.internal.Graph - [Graph] ================ SORTING
14:36:01.129 [main] TRACE org.testng.internal.Graph - [Graph] =============== DONE SORTING
14:36:01.129 [main] TRACE org.testng.internal.Graph - [Graph] ====== SORTED NODES
14:36:01.129 [main] TRACE org.testng.internal.Graph - [Graph] ====== END SORTED NODES
14:36:01.130 [main] TRACE org.testng.internal.Graph - [Graph] ADDING NODE AbstractTestNGCucumberTests.tearDownClass()[pri:0, instance:null] 1523153566
14:36:01.130 [main] TRACE org.testng.internal.Graph - [Graph] ================ SORTING
14:36:01.130 [main] TRACE org.testng.internal.Graph - [Graph] =============== DONE SORTING
14:36:01.130 [main] TRACE org.testng.internal.Graph - [Graph] ====== SORTED NODES
14:36:01.130 [main] TRACE org.testng.internal.Graph - [Graph] ====== END SORTED NODES
14:36:01.132 [main] TRACE org.testng.internal.Graph - [Graph] ADDING NODE BrowserContext.setBrowser(java.lang.String)[pri:0, instance:base.BrowserContext@38831718] -1069273865
14:36:01.132 [main] TRACE org.testng.internal.Graph - [Graph] ADDING NODE AbstractTestNGCucumberTests.runScenario(io.cucumber.testng.PickleWrapper,io.cucumber.testng.FeatureWrapper)[pri:0, instance:runners.TestRunner@71529963] 750879284
14:36:01.132 [main] TRACE org.testng.internal.Graph - [Graph] ================ SORTING
14:36:01.133 [main] TRACE org.testng.internal.Graph - [Graph] =============== DONE SORTING
14:36:01.133 [main] TRACE org.testng.internal.Graph - [Graph] ====== SORTED NODES
14:36:01.133 [main] TRACE org.testng.internal.Graph - [Graph] ====== END SORTED NODES
14:36:01.140 [main] TRACE org.testng.internal.Graph - [Graph] ADDING NODE AbstractTestNGCucumberTests.setUpClass(org.testng.ITestContext)[pri:0, instance:null] -393284817
14:36:01.141 [main] TRACE org.testng.internal.Graph - [Graph] ================ SORTING
14:36:01.141 [main] TRACE org.testng.internal.Graph - [Graph] =============== DONE SORTING
14:36:01.141 [main] TRACE org.testng.internal.Graph - [Graph] ====== SORTED NODES
14:36:01.141 [main] TRACE org.testng.internal.Graph - [Graph] ====== END SORTED NODES
14:36:01.141 [main] TRACE org.testng.internal.Graph - [Graph] ADDING NODE AbstractTestNGCucumberTests.tearDownClass()[pri:0, instance:null] 1523153566
14:36:01.142 [main] TRACE org.testng.internal.Graph - [Graph] ================ SORTING
14:36:01.142 [main] TRACE org.testng.internal.Graph - [Graph] =============== DONE SORTING
14:36:01.142 [main] TRACE org.testng.internal.Graph - [Graph] ====== SORTED NODES
14:36:01.142 [main] TRACE org.testng.internal.Graph - [Graph] ====== END SORTED NODES
14:36:01.144 [main] TRACE org.testng.internal.Graph - [Graph] ADDING NODE BrowserContext.setBrowser(java.lang.String)[pri:0, instance:base.BrowserContext@2e2ff723] -1242493694
14:36:01.144 [main] TRACE org.testng.internal.Graph - [Graph] ADDING NODE AbstractTestNGCucumberTests.runScenario(io.cucumber.testng.PickleWrapper,io.cucumber.testng.FeatureWrapper)[pri:0, instance:runners.FailedTestRunner@22bac7bc] -567693171
14:36:01.144 [main] TRACE org.testng.internal.Graph - [Graph] ================ SORTING
14:36:01.145 [main] TRACE org.testng.internal.Graph - [Graph] =============== DONE SORTING
