12:12:12.678 [TestNG-PoolService-1] INFO  stepDefinitions.LoginSteps - should be logged in successfully
12:12:13.318 [TestNG-PoolService-5] INFO  stepDefinitions.ShoppingJewelrySteps - the user enters the usernameperformance_glitch_userand passwordsecret_sauce
12:12:13.390 [TestNG-PoolService-5] INFO  stepDefinitions.ShoppingJewelrySteps - the user on the main page
12:12:13.437 [TestNG-PoolService-5] INFO  stepDefinitions.ShoppingJewelrySteps - the user clicks the burger menu
12:12:14.024 [TestNG-PoolService-5] INFO  stepDefinitions.ShoppingJewelrySteps - the user logs out
12:12:14.025 [TestNG-PoolService-5] INFO  stepDefinitions.CucumberHooks - Finished Scenario: Login with different valid credentials - PASSED
12:12:17.740 [TestNG-PoolService-1] INFO  stepDefinitions.CucumberHooks - Finished Scenario: Add jewelry to the cart and proceed to checkout - PASSED
12:12:23.042 [TestNG-PoolService-5] INFO  stepDefinitions.CucumberHooks - Starting Scenario: Login with different valid credentials
12:12:23.866 [TestNG-PoolService-5] INFO  stepDefinitions.ShoppingJewelrySteps - the user opens the page
12:12:25.478 [TestNG-PoolService-3] INFO  stepDefinitions.CucumberHooks - Starting Scenario: Login with different valid credentials
12:12:25.973 [TestNG-PoolService-6] INFO  stepDefinitions.CucumberHooks - Starting Scenario: Login with different valid credentials
12:12:26.130 [TestNG-PoolService-3] INFO  stepDefinitions.ShoppingJewelrySteps - the user opens the page
12:12:26.490 [TestNG-PoolService-2] INFO  stepDefinitions.CucumberHooks - Starting Scenario: Login with different valid credentials
12:12:27.109 [TestNG-PoolService-7] INFO  stepDefinitions.CucumberHooks - Starting Scenario: Login with different valid credentials
12:12:27.162 [TestNG-PoolService-3] INFO  stepDefinitions.ShoppingJewelrySteps - the user enters the usernamelocked_out_userand passwordsecret_sauce
12:12:27.378 [TestNG-PoolService-3] INFO  stepDefinitions.CucumberHooks - Finished Scenario: Login with different valid credentials - FAILED
12:12:27.486 [TestNG-PoolService-1] INFO  stepDefinitions.CucumberHooks - Starting Scenario: Add jewelry to the cart and proceed to checkout
12:12:27.563 [TestNG-PoolService-6] INFO  stepDefinitions.ShoppingJewelrySteps - the user opens the page
12:12:27.710 [TestNG-PoolService-7] INFO  stepDefinitions.ShoppingJewelrySteps - the user opens the page
12:12:27.838 [TestNG-PoolService-4] INFO  stepDefinitions.CucumberHooks - Starting Scenario: Login with different valid credentials
12:12:28.206 [TestNG-PoolService-6] INFO  stepDefinitions.ShoppingJewelrySteps - the user enters the usernameerror_userand passwordsecret_sauce
12:12:28.257 [TestNG-PoolService-7] INFO  stepDefinitions.ShoppingJewelrySteps - the user enters the usernamevisual_userand passwordsecret_sauce
12:12:28.306 [TestNG-PoolService-6] INFO  stepDefinitions.ShoppingJewelrySteps - the user on the main page
12:12:28.322 [TestNG-PoolService-2] INFO  stepDefinitions.ShoppingJewelrySteps - the user opens the page
12:12:28.407 [TestNG-PoolService-7] INFO  stepDefinitions.ShoppingJewelrySteps - the user on the main page
12:12:28.486 [TestNG-PoolService-6] INFO  stepDefinitions.ShoppingJewelrySteps - the user clicks the burger menu
12:12:28.517 [TestNG-PoolService-4] INFO  stepDefinitions.ShoppingJewelrySteps - the user opens the page
12:12:28.616 [TestNG-PoolService-7] INFO  stepDefinitions.ShoppingJewelrySteps - the user clicks the burger menu
12:12:28.763 [TestNG-PoolService-6] INFO  stepDefinitions.ShoppingJewelrySteps - the user logs out
12:12:28.764 [TestNG-PoolService-6] INFO  stepDefinitions.CucumberHooks - Finished Scenario: Login with different valid credentials - PASSED
12:12:28.871 [TestNG-PoolService-2] INFO  stepDefinitions.ShoppingJewelrySteps - the user enters the usernamestandard_userand passwordsecret_sauce
12:12:28.959 [TestNG-PoolService-2] INFO  stepDefinitions.ShoppingJewelrySteps - the user on the main page
12:12:29.013 [TestNG-PoolService-4] INFO  stepDefinitions.ShoppingJewelrySteps - the user enters the usernameproblem_userand passwordsecret_sauce
12:12:29.054 [TestNG-PoolService-5] INFO  stepDefinitions.ShoppingJewelrySteps - the user enters the usernameperformance_glitch_userand passwordsecret_sauce
12:12:29.062 [TestNG-PoolService-2] INFO  stepDefinitions.ShoppingJewelrySteps - the user clicks the burger menu
12:12:29.097 [TestNG-PoolService-4] INFO  stepDefinitions.ShoppingJewelrySteps - the user on the main page
12:12:29.166 [TestNG-PoolService-5] INFO  stepDefinitions.ShoppingJewelrySteps - the user on the main page
12:12:29.187 [TestNG-PoolService-4] INFO  stepDefinitions.ShoppingJewelrySteps - the user clicks the burger menu
12:12:29.255 [TestNG-PoolService-5] INFO  stepDefinitions.ShoppingJewelrySteps - the user clicks the burger menu
12:12:29.297 [TestNG-PoolService-7] INFO  stepDefinitions.ShoppingJewelrySteps - the user logs out
12:12:29.298 [TestNG-PoolService-7] INFO  stepDefinitions.CucumberHooks - Finished Scenario: Login with different valid credentials - PASSED
12:12:29.713 [TestNG-PoolService-2] INFO  stepDefinitions.ShoppingJewelrySteps - the user logs out
12:12:29.716 [TestNG-PoolService-2] INFO  stepDefinitions.CucumberHooks - Finished Scenario: Login with different valid credentials - PASSED
12:12:29.852 [TestNG-PoolService-4] INFO  stepDefinitions.ShoppingJewelrySteps - the user logs out
12:12:29.855 [TestNG-PoolService-4] INFO  stepDefinitions.CucumberHooks - Finished Scenario: Login with different valid credentials - PASSED
12:12:29.856 [TestNG-PoolService-1] INFO  stepDefinitions.LoginSteps - navigate to the Demo Web Shop
12:12:29.964 [TestNG-PoolService-5] INFO  stepDefinitions.ShoppingJewelrySteps - the user logs out
12:12:29.965 [TestNG-PoolService-5] INFO  stepDefinitions.CucumberHooks - Finished Scenario: Login with different valid credentials - PASSED
12:12:30.464 [TestNG-PoolService-1] INFO  stepDefinitions.LoginSteps - click on login button on header
12:12:30.497 [TestNG-PoolService-1] INFO  stepDefinitions.LoginSteps - should be show Welcome Please Sign In
12:12:30.544 [TestNG-PoolService-1] INFO  stepDefinitions.LoginSteps - enter the valid email {string}
12:12:30.606 [TestNG-PoolService-1] INFO  stepDefinitions.LoginSteps - enter the valid password {string}
12:12:31.560 [TestNG-PoolService-1] INFO  stepDefinitions.LoginSteps - click on login button
12:12:31.583 [TestNG-PoolService-1] INFO  stepDefinitions.LoginSteps - should be logged in successfully
12:12:34.620 [TestNG-PoolService-1] INFO  stepDefinitions.CucumberHooks - Finished Scenario: Add jewelry to the cart and proceed to checkout - PASSED
12:15:35.254 [main] DEBUG org.testng.TestNG - suiteXmlPath: "C:\Users\sabah\IdeaProjects\BDDFramework2026\test2.xml"
12:15:35.278 [main] WARN  org.testng.xml.TestNGContentHandler - It is strongly recommended to add "<!DOCTYPE suite SYSTEM "https://testng.org/testng-1.1.dtd" >" at the top of the suite file [C:\Users\sabah\IdeaProjects\BDDFramework2026\test2.xml] otherwise TestNG may fail or not work as expected.
12:15:35.490 [main] TRACE org.testng.internal.Graph - [Graph] ADDING NODE AbstractTestNGCucumberTests.setUpClass(org.testng.ITestContext)[pri:0, instance:null] -393284817
12:15:35.490 [main] TRACE org.testng.internal.Graph - [Graph] ================ SORTING
12:15:35.492 [main] TRACE org.testng.internal.Graph - [Graph] =============== DONE SORTING
12:15:35.492 [main] TRACE org.testng.internal.Graph - [Graph] ====== SORTED NODES
12:15:35.492 [main] TRACE org.testng.internal.Graph - [Graph] ====== END SORTED NODES
12:15:35.492 [main] TRACE org.testng.internal.Graph - [Graph] ADDING NODE AbstractTestNGCucumberTests.tearDownClass()[pri:0, instance:null] 1523153566
12:15:35.492 [main] TRACE org.testng.internal.Graph - [Graph] ================ SORTING
12:15:35.492 [main] TRACE org.testng.internal.Graph - [Graph] =============== DONE SORTING
12:15:35.492 [main] TRACE org.testng.internal.Graph - [Graph] ====== SORTED NODES
12:15:35.492 [main] TRACE org.testng.internal.Graph - [Graph] ====== END SORTED NODES
12:15:35.505 [main] TRACE org.testng.internal.Graph - [Graph] ADDING NODE BrowserContext.setBrowser(java.lang.String)[pri:0, instance:base.BrowserContext@21fd5faa] -1447135863
12:15:35.505 [main] TRACE org.testng.internal.Graph - [Graph] ADDING NODE AbstractTestNGCucumberTests.runScenario(io.cucumber.testng.PickleWrapper,io.cucumber.testng.FeatureWrapper)[pri:0, instance:runners.TestRunner@1f3f02ee] -626136129
12:15:35.505 [main] TRACE org.testng.internal.Graph - [Graph] ================ SORTING
12:15:35.509 [main] TRACE org.testng.internal.Graph - [Graph] =============== DONE SORTING
12:15:35.511 [main] TRACE org.testng.internal.Graph - [Graph] ====== SORTED NODES
12:15:35.511 [main] TRACE org.testng.internal.Graph - [Graph] ====== END SORTED NODES
12:15:35.520 [main] TRACE org.testng.internal.Graph - [Graph] ADDING NODE AbstractTestNGCucumberTests.setUpClass(org.testng.ITestContext)[pri:0, instance:null] -393284817
12:15:35.520 [main] TRACE org.testng.internal.Graph - [Graph] ================ SORTING
12:15:35.520 [main] TRACE org.testng.internal.Graph - [Graph] =============== DONE SORTING
12:15:35.520 [main] TRACE org.testng.internal.Graph - [Graph] ====== SORTED NODES
12:15:35.520 [main] TRACE org.testng.internal.Graph - [Graph] ====== END SORTED NODES
12:15:35.521 [main] TRACE org.testng.internal.Graph - [Graph] ADDING NODE AbstractTestNGCucumberTests.tearDownClass()[pri:0, instance:null] 1523153566
12:15:35.521 [main] TRACE org.testng.internal.Graph - [Graph] ================ SORTING
12:15:35.521 [main] TRACE org.testng.internal.Graph - [Graph] =============== DONE SORTING
12:15:35.521 [main] TRACE org.testng.internal.Graph - [Graph] ====== SORTED NODES
12:15:35.521 [main] TRACE org.testng.internal.Graph - [Graph] ====== END SORTED NODES
12:15:35.522 [main] TRACE org.testng.internal.Graph - [Graph] ADDING NODE BrowserContext.setBrowser(java.lang.String)[pri:0, instance:base.BrowserContext@e19bb76] -1780821675
